// Jest Snapshot v1, https://goo.gl/fbAQLP

exports[`_Loby PageXContainer test _ Loby Snapshot Check 1`] = `
<div
  className="  min-h-screen flex justify-center items-center shadow-xl"
>
  <div
    className="mt-0  flex flex-col lg:flex-row w-full justify-center gap-2 p-4"
  >
    <div
      className="bg-white lg:w-7/12 p-4 rounded-lg order-2 lg:order-first"
    >
      <h1
        className="text-gray-700 text-xl  font-bold"
      >
        Start your own room now !
      </h1>
      <div
        className="flex my-1  rounded-sm pt-3 pb-3 pr-4 pl-4  bg-blue-50 justify-between items-center"
      >
        <div
          className="flex flex-justify-start gap-1 items-center"
        >
          <div
            className="relative inline-block w-10 mr-1 align-middle select-none transition duration-200 ease-in"
          >
            <input
              className="toggle-checkbox absolute block w-6 h-6 rounded-full bg-white border-4 appearance-none cursor-pointer"
              data-testid="toggle"
              defaultChecked={true}
              id="toggle"
              name="toggle"
              onChange={[Function]}
              type="checkbox"
              value="multiplayer"
            />
            <label
              className="toggle-label block overflow-hidden h-6 rounded-full bg-gray-300 cursor-pointer"
              htmlFor="toggle"
            />
          </div>
          <span
            className="uppercase font-bold text-gray-700"
          >
            <label
              className=""
              htmlFor="toggle"
            >
              multiplayer
            </label>
          </span>
        </div>
        <div>
          <form
            className="m-0 flex"
          >
            <input
              className="text-xl w-full rounded-l-md p-2 border-t mr-0 border-b border-l text-gray-800 border-gray-200 bg-white"
              id="roomNameInput"
              onChange={[Function]}
              placeholder="room name..."
              value=""
            />
            <button
              className="text-md w-1/2 font-bold px-1 rounded-r-md bg-blue-400  text-gray-800 font-bold p-1 uppercase border-none"
              onClick={[Function]}
            >
              Create
            </button>
          </form>
          <p
            className="text-xs text-red-600"
          >
            
          </p>
        </div>
      </div>
      <h1
        className="text-gray-700 font-bold text-xl tracking-wider"
      >
        Rooms Online now :
      </h1>
      <div
        className="my-0"
      >
        <h1
          className="text-md"
        >
          No open room available ... create yours now!
        </h1>
      </div>
    </div>
    <div
      className="w-full lg:w-1/12 order-1 lg:order-last flex flex-col flex-1 justify-start gap-2"
    >
      <div
        className="bg-white p-1 rounded-md text-center"
      >
        <img
          alt="deflat"
          className="h-24  w-full object-cover content-center rounded-t-md"
          src="cover_profile.png"
        />
        <div
          className="flex justify-center"
        >
          <img
            alt="Mr.Abdellah Allali"
            className="w-14 h-14 rounded-full object-cover content-center -mt-8 border-4 border-white"
            src="https://ui-avatars.com/api/?background=B82E1F&bold=true&color=fff&name="
          />
        </div>
        <h1
          className="text-center font-bold tracking-wider text-gray-700   m-0"
        >
          
          
           
        </h1>
        <button
          className="bg-blue-100  border-1 border-blue-700 py-2 px-2 rounded-md text-blue-700 text-md font-bold mb-2"
        >
          Max Level: 
          0
        </button>
        <div
          className="w-full mx-auto"
        >
          <div
            className="flex flex-col flex-1 sm:flex-row gap-1"
          >
            <button
              className="bg-red-500 hover:bg-red-400 w-full py-1 px-4 mr-0 rounded-sm text-white text-sm font-semibold"
              onClick={[Function]}
            >
              Leave
            </button>
          </div>
        </div>
      </div>
      <div
        className="gap-2 justify-between flex flex-row"
      >
        <div
          className="w-3/5"
        >
          <div
            className="bg-white rounded-lg p-1 pl-0 pr-0 w-full "
          >
            <h1
              className="font-bold tracking-wider text-gray-800 text-md p-2"
            >
              Top  Ranked Players :
            </h1>
            <div
              className="flex flex-col items-center"
            >
              <div
                className="w-full md:w-full flex flex-col items-center h-60"
              >
                <div
                  className="w-full px-0"
                >
                  <div
                    className="flex flex-col items-center relative"
                  >
                    <table
                      className="table-fixed w-full"
                    >
                      <thead
                        className=""
                      >
                        <tr
                          className="border-b-0 border-black text-sm"
                        >
                          <th
                            className="w-2/12 bg-gray-100 text-left px-1"
                          >
                            Rank
                          </th>
                          <th
                            className="w-2/12 bg-gray-100 text-left px-1"
                          >
                            level
                          </th>
                          <th
                            className="w-5/12 bg-gray-100 text-left px-1"
                          >
                            nickname
                          </th>
                        </tr>
                      </thead>
                      <tbody
                        className="divide-y divide-gray-400"
                      />
                    </table>
                  </div>
                </div>
              </div>
            </div>
          </div>
        </div>
        <div
          className="bg-white rounded-lg p-1 pl-0 pr-0 w-full "
        >
          <h1
            className="font-bold tracking-wider text-gray-800 text-xl p-2"
          >
            About :
          </h1>
          <div
            className="flex flex-col items-center"
          >
            <div
              className="w-full md:w-full flex flex-col items-center h-60"
            >
              <div
                className="w-full px-2 overflow-x-auto"
              >
                <p>
                  <b>
                    Red-Tetris
                  </b>
                   is an online multiplayer tetris game, realised in following stack [
                  <b>
                    reactJs
                  </b>
                  , 
                  <b>
                    redux
                  </b>
                  , 
                  <b>
                    sockets
                  </b>
                  , 
                  <b>
                    express
                  </b>
                  ] and written in typescript, it provides many features such playing in open/locked room and specify the size of your current room where you are the owner, play the game synchronously with joined members with same pieces, where one of you wins the game at the end, each time you clear a row, your opponents receive a n -1 row in their board, so be fast and clear more rows faster, the game just recently deployed to public so there is more feautures incomming to add and more bugs to fix :)
                </p>
                <p>
                  if you ever wanted to contact the creator, please feel free to reach me via : 
                  <b>
                    hi@allali.me
                  </b>
                   
                </p>
              </div>
            </div>
          </div>
        </div>
      </div>
    </div>
  </div>
</div>
`;
