// Jest Snapshot v1, https://goo.gl/fbAQLP

exports[`_ ChatBox Component test test chatbox rendering  1`] = `
<div>
  <div
    className="fixed bottom-0 right-0 flex flex-col items-end ml-6  w-auto "
  >
    <div
      className="chat-modal mr-1 flex flex-col mb-5 shadow-lg w-full"
      data-testid="chat-modal"
    >
      <div
        className="close-chat bg-red-500 hover:bg-red-600 text-white mb-1 w-10 flex justify-center items-center px-2 py-1 rounded self-end cursor-pointer"
        data-testid="closeModal"
        onClick={[Function]}
      >
        <svg
          className="bi bi-x"
          fill="currentColor"
          height="1em"
          viewBox="0 0 16 16"
          width="1em"
          xmlns="http://www.w3.org/2000/svg"
        >
          <path
            d="M11.854 4.146a.5.5 0 0 1 0 .708l-7 7a.5.5 0 0 1-.708-.708l7-7a.5.5 0 0 1 .708 0z"
            fillRule="evenodd"
          />
          <path
            d="M4.146 4.146a.5.5 0 0 0 0 .708l7 7a.5.5 0 0 0 .708-.708l-7-7a.5.5 0 0 0-.708 0z"
            fillRule="evenodd"
          />
        </svg>
      </div>
      <div
        className="flex justify-between items-center text-white p-1 pl-4 bg-black border shadow-lg mr-5 w-full rounded-t-lg"
      >
        <div
          className="flex items-center"
        >
          <h2
            className="font-semibold tracking-wider"
          >
            
          </h2>
        </div>
      </div>
      <div
        className="flex flex-col bg-gray-200 px-2 chat-services overflow-auto "
        data-testid="chat-services"
      >
        <div
          className="message bg-white text-gray-700 p-1 self-start my-1 rounded-md shadow mr-3"
        >
          <b>
            [
            Team (automated)
            ]
          </b>
          :
          Hi 👋! welcome to RED-TETRIS game, 1️⃣ first of all i wish you enjoy the game, 2️⃣ second and lets make it short, you can only write a message under 100 character,when u receive a message, the chatbox icon start an alert animation 🚩 until you open the chatbox, if you notice something to fix feel free to notify me, 3️⃣ third... play 🎮 && have fun  😄
        </div>
        <div
          className="message bg-white text-gray-700 p-1 self-start my-1 rounded-md shadow mr-3"
        >
          <b>
            [
            Team (automated)
            ]
          </b>
          :
          Regards ! Abdellah Allali (hi@allali.me)
        </div>
      </div>
      <div
        className="relative bg-white "
      >
        <input
          className="pl-4 pr-16 py-2 border border-black-500 focus:outline-none w-full"
          name="message"
          onChange={[Function]}
          onKeyDown={[Function]}
          placeholder="write your message here ..."
          type="text"
          value=""
        />
        <button
          className="absolute right-0 bottom-0 text-black bg-white  hover:text-blue-500 m-1 px-3 py-1 w-auto transistion-color duration-100 focus:outline-none"
          data-testid="send"
          onClick={[Function]}
        >
          Send
        </button>
      </div>
    </div>
    <div
      className="show-chat mx-10 mb-6 mt-4 text-white hover:text-gray-500 flex justify-center items-center cursor-pointer "
      data-testid="show-chat"
      onClick={[Function]}
    >
      <svg
        className="bi bi-chat-text-fill"
        fill="currentColor"
        height="2em"
        viewBox="0 0 16 16"
        width="4em"
        xmlns="http://www.w3.org/2000/svg"
      >
        <path
          d="M16 8c0 3.866-3.582 7-8 7a9.06 9.06 0 0 1-2.347-.306c-.584.296-1.925.864-4.181 1.234-.2.032-.352-.176-.273-.362.354-.836.674-1.95.77-2.966C.744 11.37 0 9.76 0 8c0-3.866 3.582-7 8-7s8 3.134 8 7zM4.5 5a.5.5 0 0 0 0 1h7a.5.5 0 0 0 0-1h-7zm0 2.5a.5.5 0 0 0 0 1h7a.5.5 0 0 0 0-1h-7zm0 2.5a.5.5 0 0 0 0 1h4a.5.5 0 0 0 0-1h-4z"
          fillRule="evenodd"
        />
      </svg>
    </div>
  </div>
</div>
`;
