// Jest Snapshot v1, https://goo.gl/fbAQLP

exports[`_ YouTube Embeded Video Component Test  1`] = `
<div
  className="video-responsive"
>
  <iframe
    allow="accelerometer; autoplay; clipboard-write; encrypted-media; gyroscope; picture-in-picture"
    allowFullScreen={true}
    frameBorder="0"
    height="480"
    src="https://www.youtube.com/embed/s-Dq5FJEH10"
    title="Embedded youtube"
    width="853"
  />
</div>
`;
