// Jest Snapshot v1, https://goo.gl/fbAQLP

exports[`_ TetrisV2 Testing ... __TetrisV2 snapshot test 1`] = `
<div
  onKeyDown={[Function]}
  onKeyUp={[Function]}
  role="button"
  tabIndex={0}
>
  <div
    className="sc-gsDKAQ fTyBlK"
  >
    <div
      className="sc-bdvvtL hygDQU"
      color="244, 239, 201"
      type={0}
    />
    <div
      className="sc-bdvvtL hygDQU"
      color="244, 239, 201"
      type={0}
    />
    <div
      className="sc-bdvvtL hygDQU"
      color="244, 239, 201"
      type={0}
    />
    <div
      className="sc-bdvvtL hygDQU"
      color="244, 239, 201"
      type={0}
    />
    <div
      className="sc-bdvvtL hygDQU"
      color="244, 239, 201"
      type={0}
    />
    <div
      className="sc-bdvvtL hygDQU"
      color="244, 239, 201"
      type={0}
    />
    <div
      className="sc-bdvvtL hygDQU"
      color="244, 239, 201"
      type={0}
    />
    <div
      className="sc-bdvvtL hygDQU"
      color="244, 239, 201"
      type={0}
    />
    <div
      className="sc-bdvvtL hygDQU"
      color="244, 239, 201"
      type={0}
    />
    <div
      className="sc-bdvvtL hygDQU"
      color="244, 239, 201"
      type={0}
    />
    <div
      className="sc-bdvvtL hygDQU"
      color="244, 239, 201"
      type={0}
    />
    <div
      className="sc-bdvvtL hygDQU"
      color="244, 239, 201"
      type={0}
    />
    <div
      className="sc-bdvvtL hygDQU"
      color="244, 239, 201"
      type={0}
    />
    <div
      className="sc-bdvvtL hygDQU"
      color="244, 239, 201"
      type={0}
    />
    <div
      className="sc-bdvvtL hygDQU"
      color="244, 239, 201"
      type={0}
    />
    <div
      className="sc-bdvvtL hygDQU"
      color="244, 239, 201"
      type={0}
    />
    <div
      className="sc-bdvvtL hygDQU"
      color="244, 239, 201"
      type={0}
    />
    <div
      className="sc-bdvvtL hygDQU"
      color="244, 239, 201"
      type={0}
    />
    <div
      className="sc-bdvvtL hygDQU"
      color="244, 239, 201"
      type={0}
    />
    <div
      className="sc-bdvvtL hygDQU"
      color="244, 239, 201"
      type={0}
    />
    <div
      className="sc-bdvvtL hygDQU"
      color="244, 239, 201"
      type={0}
    />
    <div
      className="sc-bdvvtL hygDQU"
      color="244, 239, 201"
      type={0}
    />
    <div
      className="sc-bdvvtL hygDQU"
      color="244, 239, 201"
      type={0}
    />
    <div
      className="sc-bdvvtL hygDQU"
      color="244, 239, 201"
      type={0}
    />
    <div
      className="sc-bdvvtL hygDQU"
      color="244, 239, 201"
      type={0}
    />
    <div
      className="sc-bdvvtL hygDQU"
      color="244, 239, 201"
      type={0}
    />
    <div
      className="sc-bdvvtL hygDQU"
      color="244, 239, 201"
      type={0}
    />
    <div
      className="sc-bdvvtL hygDQU"
      color="244, 239, 201"
      type={0}
    />
    <div
      className="sc-bdvvtL hygDQU"
      color="244, 239, 201"
      type={0}
    />
    <div
      className="sc-bdvvtL hygDQU"
      color="244, 239, 201"
      type={0}
    />
    <div
      className="sc-bdvvtL hygDQU"
      color="244, 239, 201"
      type={0}
    />
    <div
      className="sc-bdvvtL hygDQU"
      color="244, 239, 201"
      type={0}
    />
    <div
      className="sc-bdvvtL hygDQU"
      color="244, 239, 201"
      type={0}
    />
    <div
      className="sc-bdvvtL hygDQU"
      color="244, 239, 201"
      type={0}
    />
    <div
      className="sc-bdvvtL hygDQU"
      color="244, 239, 201"
      type={0}
    />
    <div
      className="sc-bdvvtL hygDQU"
      color="244, 239, 201"
      type={0}
    />
    <div
      className="sc-bdvvtL hygDQU"
      color="244, 239, 201"
      type={0}
    />
    <div
      className="sc-bdvvtL hygDQU"
      color="244, 239, 201"
      type={0}
    />
    <div
      className="sc-bdvvtL hygDQU"
      color="244, 239, 201"
      type={0}
    />
    <div
      className="sc-bdvvtL hygDQU"
      color="244, 239, 201"
      type={0}
    />
    <div
      className="sc-bdvvtL hygDQU"
      color="244, 239, 201"
      type={0}
    />
    <div
      className="sc-bdvvtL hygDQU"
      color="244, 239, 201"
      type={0}
    />
    <div
      className="sc-bdvvtL hygDQU"
      color="244, 239, 201"
      type={0}
    />
    <div
      className="sc-bdvvtL hygDQU"
      color="244, 239, 201"
      type={0}
    />
    <div
      className="sc-bdvvtL hygDQU"
      color="244, 239, 201"
      type={0}
    />
    <div
      className="sc-bdvvtL hygDQU"
      color="244, 239, 201"
      type={0}
    />
    <div
      className="sc-bdvvtL hygDQU"
      color="244, 239, 201"
      type={0}
    />
    <div
      className="sc-bdvvtL hygDQU"
      color="244, 239, 201"
      type={0}
    />
    <div
      className="sc-bdvvtL hygDQU"
      color="244, 239, 201"
      type={0}
    />
    <div
      className="sc-bdvvtL hygDQU"
      color="244, 239, 201"
      type={0}
    />
    <div
      className="sc-bdvvtL hygDQU"
      color="244, 239, 201"
      type={0}
    />
    <div
      className="sc-bdvvtL hygDQU"
      color="244, 239, 201"
      type={0}
    />
    <div
      className="sc-bdvvtL hygDQU"
      color="244, 239, 201"
      type={0}
    />
    <div
      className="sc-bdvvtL hygDQU"
      color="244, 239, 201"
      type={0}
    />
    <div
      className="sc-bdvvtL hygDQU"
      color="244, 239, 201"
      type={0}
    />
    <div
      className="sc-bdvvtL hygDQU"
      color="244, 239, 201"
      type={0}
    />
    <div
      className="sc-bdvvtL hygDQU"
      color="244, 239, 201"
      type={0}
    />
    <div
      className="sc-bdvvtL hygDQU"
      color="244, 239, 201"
      type={0}
    />
    <div
      className="sc-bdvvtL hygDQU"
      color="244, 239, 201"
      type={0}
    />
    <div
      className="sc-bdvvtL hygDQU"
      color="244, 239, 201"
      type={0}
    />
    <div
      className="sc-bdvvtL hygDQU"
      color="244, 239, 201"
      type={0}
    />
    <div
      className="sc-bdvvtL hygDQU"
      color="244, 239, 201"
      type={0}
    />
    <div
      className="sc-bdvvtL hygDQU"
      color="244, 239, 201"
      type={0}
    />
    <div
      className="sc-bdvvtL hygDQU"
      color="244, 239, 201"
      type={0}
    />
    <div
      className="sc-bdvvtL hygDQU"
      color="244, 239, 201"
      type={0}
    />
    <div
      className="sc-bdvvtL hygDQU"
      color="244, 239, 201"
      type={0}
    />
    <div
      className="sc-bdvvtL hygDQU"
      color="244, 239, 201"
      type={0}
    />
    <div
      className="sc-bdvvtL hygDQU"
      color="244, 239, 201"
      type={0}
    />
    <div
      className="sc-bdvvtL hygDQU"
      color="244, 239, 201"
      type={0}
    />
    <div
      className="sc-bdvvtL hygDQU"
      color="244, 239, 201"
      type={0}
    />
    <div
      className="sc-bdvvtL hygDQU"
      color="244, 239, 201"
      type={0}
    />
    <div
      className="sc-bdvvtL hygDQU"
      color="244, 239, 201"
      type={0}
    />
    <div
      className="sc-bdvvtL hygDQU"
      color="244, 239, 201"
      type={0}
    />
    <div
      className="sc-bdvvtL hygDQU"
      color="244, 239, 201"
      type={0}
    />
    <div
      className="sc-bdvvtL hygDQU"
      color="244, 239, 201"
      type={0}
    />
    <div
      className="sc-bdvvtL hygDQU"
      color="244, 239, 201"
      type={0}
    />
    <div
      className="sc-bdvvtL hygDQU"
      color="244, 239, 201"
      type={0}
    />
    <div
      className="sc-bdvvtL hygDQU"
      color="244, 239, 201"
      type={0}
    />
    <div
      className="sc-bdvvtL hygDQU"
      color="244, 239, 201"
      type={0}
    />
    <div
      className="sc-bdvvtL hygDQU"
      color="244, 239, 201"
      type={0}
    />
    <div
      className="sc-bdvvtL hygDQU"
      color="244, 239, 201"
      type={0}
    />
    <div
      className="sc-bdvvtL hygDQU"
      color="244, 239, 201"
      type={0}
    />
    <div
      className="sc-bdvvtL hygDQU"
      color="244, 239, 201"
      type={0}
    />
    <div
      className="sc-bdvvtL hygDQU"
      color="244, 239, 201"
      type={0}
    />
    <div
      className="sc-bdvvtL hygDQU"
      color="244, 239, 201"
      type={0}
    />
    <div
      className="sc-bdvvtL hygDQU"
      color="244, 239, 201"
      type={0}
    />
    <div
      className="sc-bdvvtL hygDQU"
      color="244, 239, 201"
      type={0}
    />
    <div
      className="sc-bdvvtL hygDQU"
      color="244, 239, 201"
      type={0}
    />
    <div
      className="sc-bdvvtL hygDQU"
      color="244, 239, 201"
      type={0}
    />
    <div
      className="sc-bdvvtL hygDQU"
      color="244, 239, 201"
      type={0}
    />
    <div
      className="sc-bdvvtL hygDQU"
      color="244, 239, 201"
      type={0}
    />
    <div
      className="sc-bdvvtL hygDQU"
      color="244, 239, 201"
      type={0}
    />
    <div
      className="sc-bdvvtL hygDQU"
      color="244, 239, 201"
      type={0}
    />
    <div
      className="sc-bdvvtL hygDQU"
      color="244, 239, 201"
      type={0}
    />
    <div
      className="sc-bdvvtL hygDQU"
      color="244, 239, 201"
      type={0}
    />
    <div
      className="sc-bdvvtL hygDQU"
      color="244, 239, 201"
      type={0}
    />
    <div
      className="sc-bdvvtL hygDQU"
      color="244, 239, 201"
      type={0}
    />
    <div
      className="sc-bdvvtL hygDQU"
      color="244, 239, 201"
      type={0}
    />
    <div
      className="sc-bdvvtL hygDQU"
      color="244, 239, 201"
      type={0}
    />
    <div
      className="sc-bdvvtL hygDQU"
      color="244, 239, 201"
      type={0}
    />
    <div
      className="sc-bdvvtL hygDQU"
      color="244, 239, 201"
      type={0}
    />
    <div
      className="sc-bdvvtL hygDQU"
      color="244, 239, 201"
      type={0}
    />
    <div
      className="sc-bdvvtL hygDQU"
      color="244, 239, 201"
      type={0}
    />
    <div
      className="sc-bdvvtL hygDQU"
      color="244, 239, 201"
      type={0}
    />
    <div
      className="sc-bdvvtL hygDQU"
      color="244, 239, 201"
      type={0}
    />
    <div
      className="sc-bdvvtL hygDQU"
      color="244, 239, 201"
      type={0}
    />
    <div
      className="sc-bdvvtL hygDQU"
      color="244, 239, 201"
      type={0}
    />
    <div
      className="sc-bdvvtL hygDQU"
      color="244, 239, 201"
      type={0}
    />
    <div
      className="sc-bdvvtL hygDQU"
      color="244, 239, 201"
      type={0}
    />
    <div
      className="sc-bdvvtL hygDQU"
      color="244, 239, 201"
      type={0}
    />
    <div
      className="sc-bdvvtL hygDQU"
      color="244, 239, 201"
      type={0}
    />
    <div
      className="sc-bdvvtL hygDQU"
      color="244, 239, 201"
      type={0}
    />
    <div
      className="sc-bdvvtL hygDQU"
      color="244, 239, 201"
      type={0}
    />
    <div
      className="sc-bdvvtL hygDQU"
      color="244, 239, 201"
      type={0}
    />
    <div
      className="sc-bdvvtL hygDQU"
      color="244, 239, 201"
      type={0}
    />
    <div
      className="sc-bdvvtL hygDQU"
      color="244, 239, 201"
      type={0}
    />
    <div
      className="sc-bdvvtL hygDQU"
      color="244, 239, 201"
      type={0}
    />
    <div
      className="sc-bdvvtL hygDQU"
      color="244, 239, 201"
      type={0}
    />
    <div
      className="sc-bdvvtL hygDQU"
      color="244, 239, 201"
      type={0}
    />
    <div
      className="sc-bdvvtL hygDQU"
      color="244, 239, 201"
      type={0}
    />
    <div
      className="sc-bdvvtL hygDQU"
      color="244, 239, 201"
      type={0}
    />
    <div
      className="sc-bdvvtL hygDQU"
      color="244, 239, 201"
      type={0}
    />
    <div
      className="sc-bdvvtL hygDQU"
      color="244, 239, 201"
      type={0}
    />
    <div
      className="sc-bdvvtL hygDQU"
      color="244, 239, 201"
      type={0}
    />
    <div
      className="sc-bdvvtL hygDQU"
      color="244, 239, 201"
      type={0}
    />
    <div
      className="sc-bdvvtL hygDQU"
      color="244, 239, 201"
      type={0}
    />
    <div
      className="sc-bdvvtL hygDQU"
      color="244, 239, 201"
      type={0}
    />
    <div
      className="sc-bdvvtL hygDQU"
      color="244, 239, 201"
      type={0}
    />
    <div
      className="sc-bdvvtL hygDQU"
      color="244, 239, 201"
      type={0}
    />
    <div
      className="sc-bdvvtL hygDQU"
      color="244, 239, 201"
      type={0}
    />
    <div
      className="sc-bdvvtL hygDQU"
      color="244, 239, 201"
      type={0}
    />
    <div
      className="sc-bdvvtL hygDQU"
      color="244, 239, 201"
      type={0}
    />
    <div
      className="sc-bdvvtL hygDQU"
      color="244, 239, 201"
      type={0}
    />
    <div
      className="sc-bdvvtL hygDQU"
      color="244, 239, 201"
      type={0}
    />
    <div
      className="sc-bdvvtL hygDQU"
      color="244, 239, 201"
      type={0}
    />
    <div
      className="sc-bdvvtL hygDQU"
      color="244, 239, 201"
      type={0}
    />
    <div
      className="sc-bdvvtL hygDQU"
      color="244, 239, 201"
      type={0}
    />
    <div
      className="sc-bdvvtL hygDQU"
      color="244, 239, 201"
      type={0}
    />
    <div
      className="sc-bdvvtL hygDQU"
      color="244, 239, 201"
      type={0}
    />
    <div
      className="sc-bdvvtL hygDQU"
      color="244, 239, 201"
      type={0}
    />
    <div
      className="sc-bdvvtL hygDQU"
      color="244, 239, 201"
      type={0}
    />
    <div
      className="sc-bdvvtL hygDQU"
      color="244, 239, 201"
      type={0}
    />
    <div
      className="sc-bdvvtL hygDQU"
      color="244, 239, 201"
      type={0}
    />
    <div
      className="sc-bdvvtL hygDQU"
      color="244, 239, 201"
      type={0}
    />
    <div
      className="sc-bdvvtL hygDQU"
      color="244, 239, 201"
      type={0}
    />
    <div
      className="sc-bdvvtL hygDQU"
      color="244, 239, 201"
      type={0}
    />
    <div
      className="sc-bdvvtL hygDQU"
      color="244, 239, 201"
      type={0}
    />
    <div
      className="sc-bdvvtL hygDQU"
      color="244, 239, 201"
      type={0}
    />
    <div
      className="sc-bdvvtL hygDQU"
      color="244, 239, 201"
      type={0}
    />
    <div
      className="sc-bdvvtL hygDQU"
      color="244, 239, 201"
      type={0}
    />
    <div
      className="sc-bdvvtL hygDQU"
      color="244, 239, 201"
      type={0}
    />
    <div
      className="sc-bdvvtL hygDQU"
      color="244, 239, 201"
      type={0}
    />
    <div
      className="sc-bdvvtL hygDQU"
      color="244, 239, 201"
      type={0}
    />
    <div
      className="sc-bdvvtL hygDQU"
      color="244, 239, 201"
      type={0}
    />
    <div
      className="sc-bdvvtL hygDQU"
      color="244, 239, 201"
      type={0}
    />
    <div
      className="sc-bdvvtL hygDQU"
      color="244, 239, 201"
      type={0}
    />
    <div
      className="sc-bdvvtL hygDQU"
      color="244, 239, 201"
      type={0}
    />
    <div
      className="sc-bdvvtL hygDQU"
      color="244, 239, 201"
      type={0}
    />
    <div
      className="sc-bdvvtL hygDQU"
      color="244, 239, 201"
      type={0}
    />
    <div
      className="sc-bdvvtL hygDQU"
      color="244, 239, 201"
      type={0}
    />
    <div
      className="sc-bdvvtL hygDQU"
      color="244, 239, 201"
      type={0}
    />
    <div
      className="sc-bdvvtL hygDQU"
      color="244, 239, 201"
      type={0}
    />
    <div
      className="sc-bdvvtL hygDQU"
      color="244, 239, 201"
      type={0}
    />
    <div
      className="sc-bdvvtL hygDQU"
      color="244, 239, 201"
      type={0}
    />
    <div
      className="sc-bdvvtL hygDQU"
      color="244, 239, 201"
      type={0}
    />
    <div
      className="sc-bdvvtL hygDQU"
      color="244, 239, 201"
      type={0}
    />
    <div
      className="sc-bdvvtL hygDQU"
      color="244, 239, 201"
      type={0}
    />
    <div
      className="sc-bdvvtL hygDQU"
      color="244, 239, 201"
      type={0}
    />
    <div
      className="sc-bdvvtL hygDQU"
      color="244, 239, 201"
      type={0}
    />
    <div
      className="sc-bdvvtL hygDQU"
      color="244, 239, 201"
      type={0}
    />
    <div
      className="sc-bdvvtL hygDQU"
      color="244, 239, 201"
      type={0}
    />
    <div
      className="sc-bdvvtL hygDQU"
      color="244, 239, 201"
      type={0}
    />
    <div
      className="sc-bdvvtL hygDQU"
      color="244, 239, 201"
      type={0}
    />
    <div
      className="sc-bdvvtL hygDQU"
      color="244, 239, 201"
      type={0}
    />
    <div
      className="sc-bdvvtL hygDQU"
      color="244, 239, 201"
      type={0}
    />
    <div
      className="sc-bdvvtL hygDQU"
      color="244, 239, 201"
      type={0}
    />
    <div
      className="sc-bdvvtL hygDQU"
      color="244, 239, 201"
      type={0}
    />
    <div
      className="sc-bdvvtL hygDQU"
      color="244, 239, 201"
      type={0}
    />
    <div
      className="sc-bdvvtL hygDQU"
      color="244, 239, 201"
      type={0}
    />
    <div
      className="sc-bdvvtL hygDQU"
      color="244, 239, 201"
      type={0}
    />
    <div
      className="sc-bdvvtL hygDQU"
      color="244, 239, 201"
      type={0}
    />
    <div
      className="sc-bdvvtL hygDQU"
      color="244, 239, 201"
      type={0}
    />
    <div
      className="sc-bdvvtL hygDQU"
      color="244, 239, 201"
      type={0}
    />
    <div
      className="sc-bdvvtL hygDQU"
      color="244, 239, 201"
      type={0}
    />
    <div
      className="sc-bdvvtL hygDQU"
      color="244, 239, 201"
      type={0}
    />
    <div
      className="sc-bdvvtL hygDQU"
      color="244, 239, 201"
      type={0}
    />
    <div
      className="sc-bdvvtL hygDQU"
      color="244, 239, 201"
      type={0}
    />
    <div
      className="sc-bdvvtL hygDQU"
      color="244, 239, 201"
      type={0}
    />
    <div
      className="sc-bdvvtL hygDQU"
      color="244, 239, 201"
      type={0}
    />
    <div
      className="sc-bdvvtL hygDQU"
      color="244, 239, 201"
      type={0}
    />
    <div
      className="sc-bdvvtL hygDQU"
      color="244, 239, 201"
      type={0}
    />
    <div
      className="sc-bdvvtL hygDQU"
      color="244, 239, 201"
      type={0}
    />
    <div
      className="sc-bdvvtL hygDQU"
      color="244, 239, 201"
      type={0}
    />
    <div
      className="sc-bdvvtL hygDQU"
      color="244, 239, 201"
      type={0}
    />
    <div
      className="sc-bdvvtL hygDQU"
      color="244, 239, 201"
      type={0}
    />
    <div
      className="sc-bdvvtL hygDQU"
      color="244, 239, 201"
      type={0}
    />
    <div
      className="sc-bdvvtL hygDQU"
      color="244, 239, 201"
      type={0}
    />
    <div
      className="sc-bdvvtL hygDQU"
      color="244, 239, 201"
      type={0}
    />
    <div
      className="sc-bdvvtL hygDQU"
      color="244, 239, 201"
      type={0}
    />
    <div
      className="sc-bdvvtL hygDQU"
      color="244, 239, 201"
      type={0}
    />
  </div>
</div>
`;
